// Jest Snapshot v1, https://goo.gl/fbAQLP

exports[`TotalIncidents should correct render 1`] = `
.c0 {
  min-height: 40px;
  line-height: 40px;
  text-align: right;
  overflow: hidden;
  text-overflow: ellipsis;
  white-space: nowrap;
}

<div
  className="c0"
  data-test-id="total-incidents"
>
  Total: 4
</div>
`;
