// Jest Snapshot v1, https://goo.gl/fbAQLP

exports[`EmptyResults should correct render 1`] = `
.c0 {
  margin-top: 20px;
}

<div
  className="c0"
  data-test-id="incidents-list__empty"
>
  No results
</div>
`;
