// Jest Snapshot v1, https://goo.gl/fbAQLP

exports[`Error should correct render 1`] = `
.c0 {
  margin-top: 20px;
  color: red;
}

<div
  className="c0"
  data-test-id="error"
>
  Ooops, something went wrong
</div>
`;
