// Jest Snapshot v1, https://goo.gl/fbAQLP

exports[`SearchIncidents should correct render 1`] = `
.c0 {
  min-height: 40px;
  line-height: 40px;
  text-align: right;
  overflow: hidden;
  text-overflow: ellipsis;
  white-space: nowrap;
}

<div
  className="c0"
  data-test-id="search-incidents"
>
  <input
    onChange={[Function]}
    value="Berlin"
  />
</div>
`;
