// Jest Snapshot v1, https://goo.gl/fbAQLP

exports[`Layout should correct render 1`] = `
.c1 {
  display: -webkit-box;
  display: -webkit-flex;
  display: -ms-flexbox;
  display: flex;
  -webkit-align-items: center;
  -webkit-box-align: center;
  -ms-flex-align: center;
  align-items: center;
  cursor: pointer;
}

.c2 {
  width: 64px;
  height: 64px;
}

.c3 {
  padding-left: 15px;
}

.c4 {
  font-weight: 600;
}

.c5 {
  font-weight: 600;
}

.c0 {
  margin: 0 auto 15px;
}

@media (max-width:479px) {
  .c1 {
    height: 60px;
    margin-bottom: 15px;
  }
}

@media (min-width:480px) and (max-width:991px) {
  .c1 {
    height: 100px;
  }
}

@media (min-width:992px) {
  .c1 {
    height: 140px;
  }
}

@media (min-width:480px) {
  .c2 {
    padding: 0 18px;
  }
}

@media (max-width:479px) {
  .c4 {
    font-size: 18px;
  }
}

@media (min-width:480px) and (max-width:991px) {
  .c4 {
    font-size: 32px;
  }
}

@media (min-width:992px) {
  .c4 {
    font-size: 48px;
  }
}

@media (max-width:479px) {
  .c5 {
    font-size: 14px;
  }
}

@media (min-width:480px) and (max-width:991px) {
  .c5 {
    font-size: 16px;
  }
}

@media (min-width:992px) {
  .c5 {
    font-size: 32px;
  }
}

@media (max-width:479px) {
  .c0 {
    padding: 15px;
  }
}

@media (min-width:480px) and (max-width:991px) {
  .c0 {
    padding: 15px;
  }
}

@media (min-width:992px) {
  .c0 {
    max-width: 940px;
  }
}

<div
  className="c0"
  data-test-id="layout"
>
  <div
    className="c1"
  >
    <img
      className="c2"
      src="logo.png"
    />
    <div
      className="c3"
    >
      <div
        className="c4"
      >
        Police Department of Berlin
      </div>
      <div
        className="c5"
      >
        Stolen bikes
      </div>
    </div>
  </div>
</div>
`;
